[    0.000000] Initializing cgroup subsys cpuset
[    0.000000] Initializing cgroup subsys cpu
[    0.000000] Initializing cgroup subsys cpuacct
[    0.000000] Linux version 4.4.0-177-generic (buildd@lgw01-amd64-035) (gcc version 5.4.0 20160609 (Ubuntu 5.4.0-6ubuntu1~16.04.12) ) #207-Ubuntu SMP Mon Mar 16 01:16:10 UTC 2020 (Ubuntu 4.4.0-177.207-generic 4.4.214)
[    0.000000] Command line: BOOT_IMAGE=/boot/vmlinuz-4.4.0-177-generic root=LABEL=cloudimg-rootfs ro console=tty1 console=ttyS0
[    0.000000] KERNEL supported cpus:
[    0.000000]   Intel GenuineIntel
[    0.000000]   AMD AuthenticAMD
[    0.000000]   Centaur CentaurHauls
[    0.000000] x86/fpu: xstate_offset[2]:  576, xstate_sizes[2]:  256
[    0.000000] x86/fpu: Supporting XSAVE feature 0x01: 'x87 floating point registers'
[    0.000000] x86/fpu: Supporting XSAVE feature 0x02: 'SSE registers'
[    0.000000] x86/fpu: Supporting XSAVE feature 0x04: 'AVX registers'
[    0.000000] x86/fpu: Enabled xstate features 0x7, context size is 832 bytes, using 'standard' format.
[    0.000000] e820: BIOS-provided physical RAM map:
[    0.000000] BIOS-e820: [mem 0x0000000000000000-0x000000000009fbff] usable
[    0.000000] BIOS-e820: [mem 0x000000000009fc00-0x000000000009ffff] reserved
[    0.000000] BIOS-e820: [mem 0x00000000000f0000-0x00000000000fffff] reserved
[    0.000000] BIOS-e820: [mem 0x0000000000100000-0x000000001ffeffff] usable
[    0.000000] BIOS-e820: [mem 0x000000001fff0000-0x000000001fffffff] ACPI data
[    0.000000] BIOS-e820: [mem 0x00000000fec00000-0x00000000fec00fff] reserved
[    0.000000] BIOS-e820: [mem 0x00000000fee00000-0x00000000fee00fff] reserved
[    0.000000] BIOS-e820: [mem 0x00000000fffc0000-0x00000000ffffffff] reserved
[    0.000000] NX (Execute Disable) protection: active
[    0.000000] SMBIOS 2.5 present.
[    0.000000] Hypervisor detected: KVM
[    0.000000] e820: last_pfn = 0x1fff0 max_arch_pfn = 0x400000000
[    0.000000] MTRR: Disabled
[    0.000000] x86/PAT: MTRRs disabled, skipping PAT initialization too.
[    0.000000] CPU MTRRs all blank - virtualized system.
[    0.000000] x86/PAT: Configuration [0-7]: WB  WT  UC- UC  WB  WT  UC- UC  
[    0.000000] found SMP MP-table at [mem 0x0009fff0-0x0009ffff] mapped at [ffff88000009fff0]
[    0.000000] Scanning 1 areas for low memory corruption
[    0.000000] RAMDISK: [mem 0x1e8b0000-0x1f736fff]
[    0.000000] ACPI: Early table checksum verification disabled
[    0.000000] ACPI: RSDP 0x00000000000E0000 000024 (v02 VBOX  )
[    0.000000] ACPI: XSDT 0x000000001FFF0030 00003C (v01 VBOX   VBOXXSDT 00000001 ASL  00000061)
[    0.000000] ACPI: FACP 0x000000001FFF00F0 0000F4 (v04 VBOX   VBOXFACP 00000001 ASL  00000061)
[    0.000000] ACPI: DSDT 0x000000001FFF0470 002325 (v02 VBOX   VBOXBIOS 00000002 INTL 20100528)
[    0.000000] ACPI: FACS 0x000000001FFF0200 000040
[    0.000000] ACPI: FACS 0x000000001FFF0200 000040
[    0.000000] ACPI: APIC 0x000000001FFF0240 00005C (v02 VBOX   VBOXAPIC 00000001 ASL  00000061)
[    0.000000] ACPI: SSDT 0x000000001FFF02A0 0001CC (v01 VBOX   VBOXCPUT 00000002 INTL 20100528)
[    0.000000] No NUMA configuration found
[    0.000000] Faking a node at [mem 0x0000000000000000-0x000000001ffeffff]
[    0.000000] NODE_DATA(0) allocated [mem 0x1ffeb000-0x1ffeffff]
[    0.000000] kvm-clock: Using msrs 4b564d01 and 4b564d00
[    0.000000] kvm-clock: cpu 0, msr 0:1ffe3001, primary cpu clock
[    0.000000] kvm-clock: using sched offset of 3644899532 cycles
[    0.000000] clocksource: kvm-clock: mask: 0xffffffffffffffff max_cycles: 0x1cd42e4dffb, max_idle_ns: 881590591483 ns
[    0.000000] Zone ranges:
[    0.000000]   DMA      [mem 0x0000000000001000-0x0000000000ffffff]
[    0.000000]   DMA32    [mem 0x0000000001000000-0x000000001ffeffff]
[    0.000000]   Normal   empty
[    0.000000]   Device   empty
[    0.000000] Movable zone start for each node
[    0.000000] Early memory node ranges
[    0.000000]   node   0: [mem 0x0000000000001000-0x000000000009efff]
[    0.000000]   node   0: [mem 0x0000000000100000-0x000000001ffeffff]
[    0.000000] Initmem setup node 0 [mem 0x0000000000001000-0x000000001ffeffff]
[    0.000000] ACPI: PM-Timer IO Port: 0x4008
[    0.000000] IOAPIC[0]: apic_id 2, version 32, address 0xfec00000, GSI 0-23
[    0.000000] ACPI: INT_SRC_OVR (bus 0 bus_irq 0 global_irq 2 dfl dfl)
[    0.000000] ACPI: INT_SRC_OVR (bus 0 bus_irq 9 global_irq 9 low level)
[    0.000000] Using ACPI (MADT) for SMP configuration information
[    0.000000] smpboot: Allowing 2 CPUs, 0 hotplug CPUs
[    0.000000] PM: Registered nosave memory: [mem 0x00000000-0x00000fff]
[    0.000000] PM: Registered nosave memory: [mem 0x0009f000-0x0009ffff]
[    0.000000] PM: Registered nosave memory: [mem 0x000a0000-0x000effff]
[    0.000000] PM: Registered nosave memory: [mem 0x000f0000-0x000fffff]
[    0.000000] e820: [mem 0x20000000-0xfebfffff] available for PCI devices
[    0.000000] Booting paravirtualized kernel on KVM
[    0.000000] clocksource: refined-jiffies: mask: 0xffffffff max_cycles: 0xffffffff, max_idle_ns: 7645519600211568 ns
[    0.000000] setup_percpu: NR_CPUS:512 nr_cpumask_bits:512 nr_cpu_ids:2 nr_node_ids:1
[    0.000000] PERCPU: Embedded 33 pages/cpu @ffff88001fc00000 s95448 r8192 d31528 u1048576
[    0.000000] Built 1 zonelists in Node order, mobility grouping on.  Total pages: 128888
[    0.000000] Policy zone: DMA32
[    0.000000] Kernel command line: BOOT_IMAGE=/boot/vmlinuz-4.4.0-177-generic root=LABEL=cloudimg-rootfs ro console=tty1 console=ttyS0
[    0.000000] PID hash table entries: 2048 (order: 2, 16384 bytes)
[    0.000000] Memory: 481596K/523832K available (8626K kernel code, 1336K rwdata, 4036K rodata, 1488K init, 1292K bss, 42236K reserved, 0K cma-reserved)
[    0.000000] SLUB: HWalign=64, Order=0-3, MinObjects=0, CPUs=2, Nodes=1
[    0.000000] Kernel/User page tables isolation: enabled
[    0.000000] Hierarchical RCU implementation.
[    0.000000] 	Build-time adjustment of leaf fanout to 64.
[    0.000000] 	RCU restricting CPUs from NR_CPUS=512 to nr_cpu_ids=2.
[    0.000000] RCU: Adjusting geometry for rcu_fanout_leaf=64, nr_cpu_ids=2
[    0.000000] NR_IRQS:33024 nr_irqs:440 16
[    0.000000] Console: colour VGA+ 80x25
[    0.000000] console [tty1] enabled
[    0.000000] console [ttyS0] enabled
[    0.000000] tsc: Detected 2807.998 MHz processor
[    0.173603] Calibrating delay loop (skipped) preset value.. 5615.99 BogoMIPS (lpj=11231992)
[    0.175789] pid_max: default: 32768 minimum: 301
[    0.178022] ACPI: Core revision 20150930
[    0.180253] ACPI: 2 ACPI AML tables successfully acquired and loaded
[    0.182500] Security Framework initialized
[    0.184032] Yama: becoming mindful.
[    0.185606] AppArmor: AppArmor initialized
[    0.187134] Dentry cache hash table entries: 65536 (order: 7, 524288 bytes)
[    0.188889] Inode-cache hash table entries: 32768 (order: 6, 262144 bytes)
[    0.190578] Mount-cache hash table entries: 1024 (order: 1, 8192 bytes)
[    0.192091] Mountpoint-cache hash table entries: 1024 (order: 1, 8192 bytes)
[    0.194413] Initializing cgroup subsys io
[    0.196043] Initializing cgroup subsys memory
[    0.198796] Initializing cgroup subsys devices
[    0.200086] Initializing cgroup subsys freezer
[    0.201694] Initializing cgroup subsys net_cls
[    0.202845] Initializing cgroup subsys perf_event
[    0.203989] Initializing cgroup subsys net_prio
[    0.205078] Initializing cgroup subsys hugetlb
[    0.206166] Initializing cgroup subsys pids
[    0.208151] mce: CPU supports 0 MCE banks
[    0.209102] Last level iTLB entries: 4KB 64, 2MB 8, 4MB 8
[    0.210364] Last level dTLB entries: 4KB 64, 2MB 0, 4MB 0, 1GB 4
[    0.211976] Spectre V1 : Mitigation: usercopy/swapgs barriers and __user pointer sanitization
[    0.213799] Spectre V2 : Mitigation: Full generic retpoline
[    0.214843] Spectre V2 : Spectre v2 / SpectreRSB mitigation: Filling RSB on context switch
[    0.216387] Speculative Store Bypass: Vulnerable
[    0.217346] MDS: Mitigation: Clear CPU buffers
[    0.220323] Freeing SMP alternatives memory: 36K
[    0.226208] ftrace: allocating 32304 entries in 127 pages
[    0.274030] smpboot: APIC(0) Converting physical 0 to logical package 0
[    0.275267] smpboot: Max logical packages: 1
[    0.276345] x2apic enabled
[    0.277638] Switched APIC routing to physical x2apic.
[    0.279607] ..TIMER: vector=0x30 apic1=0 pin1=2 apic2=-1 pin2=-1
[    0.389027] smpboot: CPU0: Intel(R) Core(TM) i7-8569U CPU @ 2.80GHz (family: 0x6, model: 0x8e, stepping: 0xa)
[    0.391169] Performance Events: unsupported p6 CPU model 142 no PMU driver, software events only.
[    0.401392] KVM setup paravirtual spinlock
[    0.402659] x86: Booting SMP configuration:
[    0.403587] .... node  #0, CPUs:      #1
[    0.404485] kvm-clock: cpu 1, msr 0:1ffe3041, secondary cpu clock
[    0.406563] mce: CPU supports 0 MCE banks
[    0.409114] x86: Booted up 1 node, 2 CPUs
[    0.410069] smpboot: Total of 2 processors activated (11231.99 BogoMIPS)
[    0.412832] devtmpfs: initialized
[    0.414915] evm: security.selinux
[    0.415533] evm: security.SMACK64
[    0.416419] evm: security.SMACK64EXEC
[    0.417126] evm: security.SMACK64TRANSMUTE
[    0.417939] evm: security.SMACK64MMAP
[    0.418702] evm: security.ima
[    0.419274] evm: security.capability
[    0.420096] clocksource: jiffies: mask: 0xffffffff max_cycles: 0xffffffff, max_idle_ns: 7645041785100000 ns
[    0.421908] futex hash table entries: 512 (order: 3, 32768 bytes)
[    0.423020] pinctrl core: initialized pinctrl subsystem
[    0.423981] RTC time: 17:42:05, date: 04/12/20
[    0.424897] NET: Registered protocol family 16
[    0.437287] cpuidle: using governor ladder
[    0.449929] cpuidle: using governor menu
[    0.451225] PCCT header not found.
[    0.452244] ACPI: bus type PCI registered
[    0.453256] acpiphp: ACPI Hot Plug PCI Controller Driver version: 0.5
[    0.454749] PCI: Using configuration type 1 for base access
[    0.470378] ACPI: Added _OSI(Module Device)
[    0.471489] ACPI: Added _OSI(Processor Device)
[    0.472479] ACPI: Added _OSI(3.0 _SCP Extensions)
[    0.473606] ACPI: Added _OSI(Processor Aggregator Device)
[    0.475727] ACPI: Executed 1 blocks of module-level executable AML code
[    0.478875] ACPI: Interpreter enabled
[    0.479617] ACPI: (supports S0 S5)
[    0.480321] ACPI: Using IOAPIC for interrupt routing
[    0.481365] PCI: Using host bridge windows from ACPI; if necessary, use "pci=nocrs" and report a bug
[    0.486755] ACPI: PCI Root Bridge [PCI0] (domain 0000 [bus 00-ff])
[    0.487841] acpi PNP0A03:00: _OSC: OS supports [ASPM ClockPM Segments MSI]
[    0.489600] acpi PNP0A03:00: _OSC: not requesting OS control; OS requires [ExtendedConfig ASPM ClockPM MSI]
[    0.491712] acpi PNP0A03:00: fail to add MMCONFIG information, can't access extended PCI configuration space under this bridge.
[    0.493967] PCI host bridge to bus 0000:00
[    0.494807] pci_bus 0000:00: root bus resource [io  0x0000-0x0cf7 window]
[    0.495902] pci_bus 0000:00: root bus resource [io  0x0d00-0xffff window]
[    0.497032] pci_bus 0000:00: root bus resource [mem 0x000a0000-0x000bffff window]
[    0.498353] pci_bus 0000:00: root bus resource [mem 0x20000000-0xfdffffff window]
[    0.499880] pci_bus 0000:00: root bus resource [bus 00-ff]
[    0.502682] pci 0000:00:01.1: legacy IDE quirk: reg 0x10: [io  0x01f0-0x01f7]
[    0.503815] pci 0000:00:01.1: legacy IDE quirk: reg 0x14: [io  0x03f6]
[    0.504900] pci 0000:00:01.1: legacy IDE quirk: reg 0x18: [io  0x0170-0x0177]
[    0.506093] pci 0000:00:01.1: legacy IDE quirk: reg 0x1c: [io  0x0376]
[    0.523444] pci 0000:00:07.0: quirk: [io  0x4000-0x403f] claimed by PIIX4 ACPI
[    0.525159] pci 0000:00:07.0: quirk: [io  0x4100-0x410f] claimed by PIIX4 SMB
[    0.532903] ACPI: PCI Interrupt Link [LNKA] (IRQs 5 9 10 *11)
[    0.534688] ACPI: PCI Interrupt Link [LNKB] (IRQs 5 9 *10 11)
[    0.535959] ACPI: PCI Interrupt Link [LNKC] (IRQs 5 *9 10 11)
[    0.537247] ACPI: PCI Interrupt Link [LNKD] (IRQs 5 9 10 *11)
[    0.538642] ACPI: Enabled 2 GPEs in block 00 to 07
[    0.539761] vgaarb: setting as boot device: PCI:0000:00:02.0
[    0.541053] vgaarb: device added: PCI:0000:00:02.0,decodes=io+mem,owns=io+mem,locks=none
[    0.542524] vgaarb: loaded
[    0.543077] vgaarb: bridge control possible 0000:00:02.0
[    0.544203] SCSI subsystem initialized
[    0.545032] ACPI: bus type USB registered
[    0.547910] usbcore: registered new interface driver usbfs
[    0.549163] usbcore: registered new interface driver hub
[    0.550200] usbcore: registered new device driver usb
[    0.551382] PCI: Using ACPI for IRQ routing
[    0.552434] NetLabel: Initializing
[    0.553069] NetLabel:  domain hash size = 128
[    0.553831] NetLabel:  protocols = UNLABELED CIPSOv4
[    0.554689] NetLabel:  unlabeled traffic allowed by default
[    0.555815] amd_nb: Cannot enumerate AMD northbridges
[    0.556828] clocksource: Switched to clocksource kvm-clock
[    0.563342] AppArmor: AppArmor Filesystem Enabled
[    0.564546] pnp: PnP ACPI init
[    0.566217] pnp: PnP ACPI: found 3 devices
[    0.574780] clocksource: acpi_pm: mask: 0xffffff max_cycles: 0xffffff, max_idle_ns: 2085701024 ns
[    0.576346] NET: Registered protocol family 2
[    0.577324] TCP established hash table entries: 4096 (order: 3, 32768 bytes)
[    0.578540] TCP bind hash table entries: 4096 (order: 4, 65536 bytes)
[    0.579642] TCP: Hash tables configured (established 4096 bind 4096)
[    0.580682] UDP hash table entries: 256 (order: 1, 8192 bytes)
[    0.581727] UDP-Lite hash table entries: 256 (order: 1, 8192 bytes)
[    0.583104] NET: Registered protocol family 1
[    0.583882] pci 0000:00:00.0: Limiting direct PCI/PCI transfers
[    0.584899] pci 0000:00:01.0: Activating ISA DMA hang workarounds
[    0.587289] Unpacking initramfs...
[    0.766717] Freeing initrd memory: 14876K
[    0.767584] clocksource: tsc: mask: 0xffffffffffffffff max_cycles: 0x2879c456dd4, max_idle_ns: 440795285767 ns
[    0.769605] platform rtc_cmos: registered platform RTC device (no PNP device found)
[    0.770942] Scanning for low memory corruption every 60 seconds
[    0.772431] audit: initializing netlink subsys (disabled)
[    0.773474] audit: type=2000 audit(1586713330.548:1): initialized
[    0.774656] Initialise system trusted keyring
[    0.775543] HugeTLB registered 2 MB page size, pre-allocated 0 pages
[    0.777375] zbud: loaded
[    0.778108] VFS: Disk quotas dquot_6.6.0
[    0.778849] VFS: Dquot-cache hash table entries: 512 (order 0, 4096 bytes)
[    0.780403] squashfs: version 4.0 (2009/01/31) Phillip Lougher
[    0.781798] fuse init (API version 7.23)
[    0.783349] Key type big_key registered
[    0.784394] Allocating IMA MOK and blacklist keyrings.
[    0.786753] Key type asymmetric registered
[    0.787645] Asymmetric key parser 'x509' registered
[    0.788655] Block layer SCSI generic (bsg) driver version 0.4 loaded (major 249)
[    0.790367] io scheduler noop registered
[    0.791105] io scheduler deadline registered (default)
[    0.792063] io scheduler cfq registered
[    0.792880] pci_hotplug: PCI Hot Plug PCI Core version: 0.5
[    0.793901] pciehp: PCI Express Hot Plug Controller Driver version: 0.4
[    0.795394] ACPI: AC Adapter [AC] (off-line)
[    0.796586] input: Power Button as /devices/LNXSYSTM:00/LNXPWRBN:00/input/input0
[    0.798363] ACPI: Power Button [PWRF]
[    0.799100] input: Sleep Button as /devices/LNXSYSTM:00/LNXSLPBN:00/input/input1
[    0.800402] ACPI: Sleep Button [SLPF]
[    0.801254] GHES: HEST is not enabled!
[    0.802210] ACPI: Battery Slot [BAT0] (battery present)
[    0.803180] Serial: 8250/16550 driver, 32 ports, IRQ sharing enabled
[    0.824758] 00:02: ttyS0 at I/O 0x3f8 (irq = 4, base_baud = 115200) is a 16550A
[    0.828604] Linux agpgart interface v0.103
[    0.831257] loop: module loaded
[    0.832283] scsi host0: ata_piix
[    0.833090] scsi host1: ata_piix
[    0.833720] ata1: PATA max UDMA/33 cmd 0x1f0 ctl 0x3f6 bmdma 0xd000 irq 14
[    0.834817] ata2: PATA max UDMA/33 cmd 0x170 ctl 0x376 bmdma 0xd008 irq 15
[    0.835986] libphy: Fixed MDIO Bus: probed
[    0.836998] tun: Universal TUN/TAP device driver, 1.6
[    0.837869] tun: (C) 1999-2004 Max Krasnyansky <maxk@qualcomm.com>
[    0.839341] PPP generic driver version 2.4.2
[    0.840349] ehci_hcd: USB 2.0 'Enhanced' Host Controller (EHCI) Driver
[    0.841445] ehci-pci: EHCI PCI platform driver
[    0.842281] ehci-platform: EHCI generic platform driver
[    0.843208] ohci_hcd: USB 1.1 'Open' Host Controller (OHCI) Driver
[    0.844291] ohci-pci: OHCI PCI platform driver
[    0.845204] ohci-platform: OHCI generic platform driver
[    0.846091] uhci_hcd: USB Universal Host Controller Interface driver
[    0.847583] i8042: PNP: PS/2 Controller [PNP0303:PS2K,PNP0f03:PS2M] at 0x60,0x64 irq 1,12
[    0.849450] serio: i8042 KBD port at 0x60,0x64 irq 1
[    0.850318] serio: i8042 AUX port at 0x60,0x64 irq 12
[    0.851366] mousedev: PS/2 mouse device common for all mice
[    0.852552] input: AT Translated Set 2 keyboard as /devices/platform/i8042/serio0/input/input2
[    0.854381] rtc_cmos rtc_cmos: rtc core: registered rtc_cmos as rtc0
[    0.855807] rtc_cmos rtc_cmos: alarms up to one day, 114 bytes nvram
[    0.856852] i2c /dev entries driver
[    0.857598] device-mapper: uevent: version 1.0.3
[    0.858638] device-mapper: ioctl: 4.34.0-ioctl (2015-10-28) initialised: dm-devel@redhat.com
[    0.860091] ledtrig-cpu: registered to indicate activity on CPUs
[    0.861554] NET: Registered protocol family 10
[    0.862480] NET: Registered protocol family 17
[    0.863561] Key type dns_resolver registered
[    0.864651] registered taskstats version 1
[    0.865422] Loading compiled-in X.509 certificates
[    0.866636] Loaded X.509 cert 'Build time autogenerated kernel key: a048edf52b07f04005c7780de0f875c713550332'
[    0.868298] zswap: loaded using pool lzo/zbud
[    0.870763] Key type trusted registered
[    0.874068] Key type encrypted registered
[    0.874800] AppArmor: AppArmor sha1 policy hashing enabled
[    0.875715] ima: No TPM chip found, activating TPM-bypass!
[    0.876664] ima: Allocated hash algorithm: sha1
[    0.877545] evm: HMAC attrs: 0x1
[    0.878480]   Magic number: 0:377:744
[    0.879210] rtc_cmos rtc_cmos: setting system clock to 2020-04-12 17:42:05 UTC (1586713325)
[    0.881089] BIOS EDD facility v0.16 2004-Jun-25, 0 devices found
[    0.882086] EDD information not available.
[    1.016016] Freeing unused kernel memory: 1488K
[    1.017808] Write protecting the kernel read-only data: 14336k
[    1.020036] Freeing unused kernel memory: 1604K
[    1.021527] Freeing unused kernel memory: 60K
Loading, please wait...
starting version 229
[    1.036507] random: systemd-udevd: uninitialized urandom read (16 bytes read, 3 bits of entropy available)
[    1.037096] random: udevadm: uninitialized urandom read (16 bytes read, 3 bits of entropy available)
[    1.037112] random: udevadm: uninitialized urandom read (16 bytes read, 3 bits of entropy available)
[    1.042349] random: systemd-udevd: uninitialized urandom read (16 bytes read, 3 bits of entropy available)
[    1.042866] random: udevadm: uninitialized urandom read (16 bytes read, 3 bits of entropy available)
[    1.042896] random: udevadm: uninitialized urandom read (16 bytes read, 3 bits of entropy available)
[    1.043018] random: udevadm: uninitialized urandom read (16 bytes read, 3 bits of entropy available)
[    1.043050] random: udevadm: uninitialized urandom read (16 bytes read, 3 bits of entropy available)
[    1.043082] random: udevadm: uninitialized urandom read (16 bytes read, 3 bits of entropy available)
[    1.043115] random: udevadm: uninitialized urandom read (16 bytes read, 3 bits of entropy available)
[    1.084852] Fusion MPT base driver 3.04.20
[    1.085989] Copyright (c) 1999-2008 LSI Corporation
[    1.088135] e1000: Intel(R) PRO/1000 Network Driver - version 7.3.21-k8-NAPI
[    1.089358] e1000: Copyright (c) 1999-2006 Intel Corporation.
[    1.094497] Fusion MPT SPI Host driver 3.04.20
[    1.100196] AVX2 version of gcm_enc/dec engaged.
[    1.101057] AES CTR mode by8 optimization enabled
[    1.290069] input: ImExPS/2 Generic Explorer Mouse as /devices/platform/i8042/serio1/input/input4
[    1.455596] e1000 0000:00:03.0 eth0: (PCI:33MHz:32-bit) 02:ba:b8:ca:39:a3
[    1.456947] e1000 0000:00:03.0 eth0: Intel(R) PRO/1000 Network Connection
[    1.459198] mptbase: ioc0: Initiating bringup
[    1.522243] ioc0: LSI53C1030 A0: Capabilities={Initiator}
[    1.688293] scsi host2: ioc0: LSI53C1030 A0, FwRev=00000000h, Ports=1, MaxQ=256, IRQ=20
[    1.805205] scsi 2:0:0:0: Direct-Access     VBOX     HARDDISK         1.0  PQ: 0 ANSI: 5
[    1.807079] scsi target2:0:0: Beginning Domain Validation
[    1.809187] scsi target2:0:0: Domain Validation skipping write tests
[    1.810500] scsi target2:0:0: Ending Domain Validation
[    1.811680] scsi target2:0:0: asynchronous
[    1.812981] scsi 2:0:1:0: Direct-Access     VBOX     HARDDISK         1.0  PQ: 0 ANSI: 5
[    1.814651] scsi target2:0:1: Beginning Domain Validation
[    1.816283] scsi target2:0:1: Domain Validation skipping write tests
[    1.817437] scsi target2:0:1: Ending Domain Validation
[    1.818572] scsi target2:0:1: asynchronous
[    1.823618] sd 2:0:0:0: Attached scsi generic sg0 type 0
[    1.831465] sd 2:0:0:0: [sda] 20971520 512-byte logical blocks: (10.7 GB/10.0 GiB)
[    1.833078] sd 2:0:0:0: [sda] Write Protect is off
[    1.834081] sd 2:0:0:0: [sda] Incomplete mode parameter data
[    1.835077] sd 2:0:0:0: [sda] Assuming drive cache: write through
[    1.836176] sd 2:0:1:0: [sdb] 20480 512-byte logical blocks: (10.5 MB/10.0 MiB)
[    1.837695] sd 2:0:1:0: [sdb] Write Protect is off
[    1.838597] sd 2:0:1:0: [sdb] Incomplete mode parameter data
[    1.839734] sd 2:0:1:0: [sdb] Assuming drive cache: write through
[    1.841172] sd 2:0:1:0: Attached scsi generic sg1 type 0
[    1.842455]  sda: sda1
[    1.843560] sd 2:0:0:0: [sda] Attached SCSI disk
[    1.845187] sd 2:0:1:0: [sdb] Attached SCSI disk
[    2.173579] e1000 0000:00:08.0 eth1: (PCI:33MHz:32-bit) 08:00:27:12:2f:27
[    2.174779] e1000 0000:00:08.0 eth1: Intel(R) PRO/1000 Network Connection
[    2.176783] e1000 0000:00:08.0 enp0s8: renamed from eth1
[    2.194513] e1000 0000:00:03.0 enp0s3: renamed from eth0
Begin: Loading essential drivers ... [    3.433216] md: linear personality registered for level -1
[    3.435895] md: multipath personality registered for level -4
[    3.439083] md: raid0 personality registered for level 0
[    3.442863] md: raid1 personality registered for level 1
[    3.513138] raid6: sse2x1   gen() 12433 MB/s
[    3.580942] raid6: sse2x1   xor()  9904 MB/s
[    3.648895] raid6: sse2x2   gen()  9926 MB/s
[    3.716949] raid6: sse2x2   xor()  8260 MB/s
[    3.784950] raid6: sse2x4   gen()  9864 MB/s
[    3.853194] raid6: sse2x4   xor()  9476 MB/s
[    3.924497] raid6: avx2x1   gen() 21600 MB/s
[    3.992836] raid6: avx2x2   gen() 29643 MB/s
[    4.061037] raid6: avx2x4   gen() 34311 MB/s
[    4.062076] raid6: using algorithm avx2x4 gen() 34311 MB/s
[    4.063165] raid6: using avx2x2 recovery algorithm
[    4.065007] xor: automatically using best checksumming function:
[    4.105034]    avx       : 35003.000 MB/sec
[    4.107696] async_tx: api initialized (async)
[    4.116653] md: raid6 personality registered for level 6
[    4.117733] md: raid5 personality registered for level 5
[    4.118722] md: raid4 personality registered for level 4
[    4.124958] md: raid10 personality registered for level 10
done.
Begin: Running /scripts/init-premount ... done.
Begin: Mounting root file system ... Begin: Running /scripts/local-top ... done.
Begin: Running /scripts/local-premount ... [    4.150590] Btrfs loaded
Scanning for Btrfs filesystems
done.
Warning: fsck not present, so skipping root file system
[    4.173198] EXT4-fs (sda1): mounted filesystem with ordered data mode. Opts: (null)
done.
Begin: Running /scripts/local-bottom ... done.
Begin: Running /scripts/init-bottom ... done.
[    4.259474] systemd[1]: systemd 229 running in system mode. (+PAM +AUDIT +SELINUX +IMA +APPARMOR +SMACK +SYSVINIT +UTMP +LIBCRYPTSETUP +GCRYPT +GNUTLS +ACL +XZ -LZ4 +SECCOMP +BLKID +ELFUTILS +KMOD -IDN)
[    4.262901] systemd[1]: Detected virtualization oracle.
[    4.263862] systemd[1]: Detected architecture x86-64.

Welcome to [1mUbuntu 16.04.6 LTS[0m!

[    4.268434] systemd[1]: Set hostname to <ubuntu>.
[    4.272689] systemd[1]: Initializing machine ID from random generator.
[    4.274054] systemd[1]: Installed transient /etc/machine-id file.
[    4.461675] systemd[1]: Reached target System Time Synchronized.
[[0;32m  OK  [0m] Reached target System Time Synchronized.
[    4.463752] systemd[1]: Reached target Swap.
[[0;32m  OK  [0m] Reached target Swap.
[    4.465317] systemd[1]: Listening on Syslog Socket.
[[0;32m  OK  [0m] Listening on Syslog Socket.
[    4.466999] systemd[1]: Listening on Journal Socket (/dev/log).
[[0;32m  OK  [0m] Listening on Journal Socket (/dev/log).
[    4.468900] systemd[1]: Listening on Device-mapper event daemon FIFOs.
[[0;32m  OK  [0m] Listening on Device-mapper event daemon FIFOs.
[    4.470862] systemd[1]: Started Forward Password Requests to Wall Directory Watch.
[[0;32m  OK  [0m] Started Forward Password Requests to Wall Directory Watch.
[    4.473478] systemd[1]: Started Trigger resolvconf update for networkd DNS.
[[0;32m  OK  [0m] Started Trigger resolvconf update for networkd DNS.
[    4.752887] systemd[1]: Listening on udev Kernel Socket.
[[0;32m  OK  [0m] Listening on udev Kernel Socket.
[    4.770157] systemd[1]: Listening on Journal Audit Socket.
[[0;32m  OK  [0m] Listening on Journal Audit Socket.
[    4.772795] systemd[1]: Set up automount Arbitrary Executable File Formats File System Automount Point.
[[0;32m  OK  [0m] Set up automount Arbitrary Executab...ats File System Automount Point.
[    4.776262] systemd[1]: Listening on udev Control Socket.
[[0;32m  OK  [0m] Listening on udev Control Socket.
[    4.960955] systemd[1]: Listening on Journal Socket.
[[0;32m  OK  [0m] Listening on Journal Socket.
[    5.008512] systemd[1]: Created slice User and Session Slice.
[[0;32m  OK  [0m] Created slice User and Session Slice.
[    5.011204] systemd[1]: Listening on LVM2 metadata daemon socket.
[[0;32m  OK  [0m] Listening on LVM2 metadata daemon socket.
[    5.013825] systemd[1]: Listening on LVM2 poll daemon socket.
[[0;32m  OK  [0m] Listening on LVM2 poll daemon socket.
[    5.016691] systemd[1]: Created slice System Slice.
[[0;32m  OK  [0m] Created slice System Slice.
[    5.029672] systemd[1]: Starting Monitoring of LVM2 mirrors, snapshots etc. using dmeventd or progress polling...
         Starting Monitoring of LVM2 mirrors... dmeventd or progress polling...
[    5.039521] systemd[1]: Starting Load Kernel Modules...
         Starting Load Kernel Modules...
[    5.041853] systemd[1]: Reached target Slices.
[[0;32m  OK  [0m] Reached target Slices.
[    5.044998] systemd[1]: Starting Nameserver information manager...
         Starting Nameserver information manager...
[    5.047949] systemd[1]: Starting Create list of required static device nodes for the current kernel...
         Starting Create list of required st... nodes for the current kernel...
[    5.051322] systemd[1]: Starting Remount Root and Kernel File Systems...
[    5.052658] Loading iSCSI transport class v2.0-870.
         Starting Remount Root and Kernel File Systems...
[    5.055877] systemd[1]: Starting Set console keymap...
         Starting Set console keymap...
[    5.061864] systemd[1]: Mounting POSIX Message Queue File System...
         Mounting POSIX Message Queue File System...
[    5.064104] iscsi: registered transport (tcp)
[    5.064379] systemd[1]: Mounting Debug File System...
[    5.065582] EXT4-fs (sda1): re-mounted. Opts: (null)
         Mounting Debug File System...
[    5.073496] systemd[1]: Created slice system-serial\x2dgetty.slice.
[[0;32m  OK  [0m] Created slice system-serial\x2dgetty.slice.
[    5.081117] systemd[1]: Mounting Huge Pages File System...
         Mounting Huge Pages File System...
[    5.082778] systemd[1]: Reached target User and Group Name Lookups.
[[0;32m  OK  [0m] Reached target User and Group Name Lookups.
[    5.085191] systemd[1]: Reached target Encrypted Volumes.
[[0;32m  OK  [0m] Reached target Encrypted Volumes.
[    5.093627] systemd[1]: Starting Journal Service...
         [    5.095029] iscsi: registered transport (iser)
Starting Journal Service...
[    5.101487] systemd[1]: Starting Uncomplicated firewall...
         Starting Uncomplicated firewall...
[    5.109226] systemd[1]: Listening on /dev/initctl Compatibility Named Pipe.
[[0;32m  OK  [0m] Listening on /dev/initctl Compatibility Named Pipe.
[    5.122242] systemd[1]: Mounted Huge Pages File System.
[[0;32m  OK  [0m] Mounted Huge Pages File System.
[    5.129820] systemd[1]: Mounted Debug File System.
[[0;32m  OK  [0m] Mounted Debug File System.
[    5.137472] systemd[1]: Mounted POSIX Message Queue File System.
[[0;32m  OK  [0m] Mounted POSIX Message Queue File System.
[    5.145160] systemd[1]: Started Journal Service.
[[0;32m  OK  [0m] Started Journal Service.
[[0;32m  OK  [0m] Started Load Kernel Modules.
[[0;32m  OK  [0m] Started Create list of required sta...ce nodes for the current kernel.
[[0;32m  OK  [0m] Started Remount Root and Kernel File Systems.
[[0;32m  OK  [0m] Started Set console keymap.
[[0;32m  OK  [0m] Started Uncomplicated firewall.
[[0;32m  OK  [0m] Started Nameserver information manager.
[[0;32m  OK  [0m] Started LVM2 metadata daemon.
         Starting udev Coldplug all Devices...
         Starting Load/Save Random Seed...
         Starting Create Static Device Nodes in /dev...
         Mounting FUSE Control File System...
         Starting Apply Kernel Variables...
         Starting Flush Journal to Persistent Storage...
[[0;32m  OK  [0m] Started Load/Save Random Seed.
[[0;32m  OK  [0m] Mounted FUSE Control File System.
[    5.213642] systemd-journald[400]: Received request to flush runtime journal from PID 1
[[0;32m  OK  [0m] Started Flush Journal to Persistent Storage.
[[0;32m  OK  [0m] Started Create Static Device Nodes in /dev.
[[0;32m  OK  [0m] Started Apply Kernel Variables.
         Starting udev Kernel Device Manager...
[[0;32m  OK  [0m] Started udev Coldplug all Devices.
[[0;32m  OK  [0m] Started Monitoring of LVM2 mirrors,...ng dmeventd or progress polling.
[[0;32m  OK  [0m] Reached target Local File Systems (Pre).
[[0;32m  OK  [0m] Reached target Local File Systems.
         Starting Commit a transient machine-id on disk...
         Starting Initial cloud-init job (pre-networking)...
         Starting LSB: AppArmor initialization...
         Starting Create Volatile Files and Directories...
         Starting Set console font and keymap...
         Starting Tell Plymouth To Write Out Runtime Data...
[[0;32m  OK  [0m] Started udev Kernel Device Manager.
[[0;32m  OK  [0m] Started Create Volatile Files and Directories.
[[0;32m  OK  [0m] Started Tell Plymouth To Write Out Runtime Data.
         Starting Update UTMP about System Boot/Shutdown...
[[0;32m  OK  [0m] Started Dispatch Password Requests to Console Directory Watch.
[[0;32m  OK  [0m] Started Update UTMP about System Boot/Shutdown.
[[0;32m  OK  [0m] Started Commit a transient machine-id on disk.
[[0;32m  OK  [0m] Found device /dev/ttyS0.
[[0;32m  OK  [0m] Listening on Load/Save RF Kill Switch Status /dev/rfkill Watch.
[[0;32m  OK  [0m] Started LSB: AppArmor initialization.
[    6.141389] cloud-init[479]: Cloud-init v. 19.4-33-gbb4131a2-0ubuntu1~16.04.1 running 'init-local' at Sun, 12 Apr 2020 17:42:10 +0000. Up 5.79 seconds.
[[0;32m  OK  [0m] Started Initial cloud-init job (pre-networking).
[[0;32m  OK  [0m] Reached target Network (Pre).
         Starting Raise network interfaces...
[[0;32m  OK  [0m] Started Set console font and keymap.
[[0;32m  OK  [0m] Created slice system-getty.slice.
[[0;32m  OK  [0m] Started Raise network interfaces.
[[0;32m  OK  [0m] Reached target Network.
         Starting Initial cloud-init job (metadata service crawler)...
[    7.176919] cloud-init[963]: Cloud-init v. 19.4-33-gbb4131a2-0ubuntu1~16.04.1 running 'init' at Sun, 12 Apr 2020 17:42:11 +0000. Up 6.79 seconds.
[    7.179026] cloud-init[963]: ci-info: ++++++++++++++++++++++++++++++++++++++Net device info+++++++++++++++++++++++++++++++++++++++
[    7.180927] cloud-init[963]: ci-info: +--------+-------+----------------------------+---------------+--------+-------------------+
[    7.182681] cloud-init[963]: ci-info: | Device |   Up  |          Address           |      Mask     | Scope  |     Hw-Address    |
[    7.184696] cloud-init[963]: ci-info: +--------+-------+----------------------------+---------------+--------+-------------------+
[    7.186642] cloud-init[963]: ci-info: | enp0s3 |  True |         10.0.2.15          | 255.255.255.0 | global | 02:ba:b8:ca:39:a3 |
[    7.188584] cloud-init[963]: ci-info: | enp0s3 |  True | fe80::ba:b8ff:feca:39a3/64 |       .       |  link  | 02:ba:b8:ca:39:a3 |
[    7.192241] cloud-init[963]: ci-info: | enp0s8 | False |             .              |       .       |   .    | 08:00:27:12:2f:27 |
[    7.196802] cloud-init[963]: ci-info: |   lo   |  True |         127.0.0.1          |   255.0.0.0   |  host  |         .         |
[    7.198712] cloud-init[963]: ci-info: |   lo   |  True |          ::1/128           |       .       |  host  |         .         |
[    7.200570] cloud-init[963]: ci-info: +--------+-------+----------------------------+---------------+--------+-------------------+
[    7.204929] cloud-init[963]: ci-info: +++++++++++++++++++++++++++Route IPv4 info++++++++++++++++++++++++++++
[    7.212817] cloud-init[963]: ci-info: +-------+-------------+----------+---------------+-----------+-------+
[    7.214232] cloud-init[963]: ci-info: | Route | Destination | Gateway  |    Genmask    | Interface | Flags |
[    7.216066] cloud-init[963]: ci-info: +-------+-------------+----------+---------------+-----------+-------+
[    7.224809] cloud-init[963]: ci-info: |   0   |   0.0.0.0   | 10.0.2.2 |    0.0.0.0    |   enp0s3  |   UG  |
[    7.232882] cloud-init[963]: ci-info: |   1   |   10.0.2.0  | 0.0.0.0  | 255.255.255.0 |   enp0s3  |   U   |
[    7.234732] cloud-init[963]: ci-info: +-------+-------------+----------+---------------+-----------+-------+
[    7.236295] cloud-init[963]: ci-info: +++++++++++++++++++Route IPv6 info+++++++++++++++++++
[    7.237740] cloud-init[963]: ci-info: +-------+-------------+---------+-----------+-------+
[    7.239006] cloud-init[963]: ci-info: | Route | Destination | Gateway | Interface | Flags |
[    7.252543] [cloud-init[0;32m  OK  [0m[963]: ] ci-info: +-------+-------------+---------+-----------+-------+Started Initial cloud-init job (metadata service crawler).

[    7.253309] [cloud-init[0;32m  OK  [0m[963]: ] ci-info: |   0   |  fe80::/64  |    ::   |   enp0s3  |   U   |Reached target System Initialization.

[    7.260496] cloud-init[[0;32m  OK  [0m] Started Daily Cleanup of Temporary Directories.
         Starting Socket activation for snappy daemon.
[963]: ci-info: |   3   |   ff00::/8  |    ::   |   enp0s3  |   U   |
[    7.262905] cloud-init[963]: ci-info: +-------+-------------+---------+-----------+-------+
[    7.268630] [[0;32m  OK  [0m] Started ACPI Events Check.
[[0;32m  OK  [0m] Reached target Paths.
[[0;32m  OK  [0m] Started Message of the Day.
[[0;32m  OK  [0m] Started Daily apt download activities.
cloud-init[963]: [Generating public/private rsa key pair.[0;32m  OK  [0m
] Listening on ACPID Listen Socket.
[    7.276777] [[0;32m  OK  [0m] Listening on UUID daemon activation socket.
cloud-init[[0;32m  OK  [0m] Started Daily apt upgrade and clean activities.
[[0;32m  OK  [0m] Reached target Timers.
[963]: Your identification has been saved in /etc/ssh/ssh_host_rsa_key.
[    7.280501] [[0;32m  OK  [0m] Listening on D-Bus System Message Bus Socket.
cloud-init[963]: Your public key has been saved in /etc/ssh/ssh_host_rsa_key.pub.
[    7.288656] cloud-init[963]: The key fingerprint is:
[    7.296237] cloud-init[963]: SHA256:RPS/5z+XsMSJqa3mhw2d8DRzx7GAuuM9EFnUB3iAFHU root@ubuntu-xenial
[    7.297451] cloud-init[963]: The key's randomart image is:
[    7.298544] cloud-init[963]: +---[RSA 2048]----+
[    7.299678] cloud-init[963]: |       .+o=+=E.  |
[    7.300984] cloud-init[963]: |       . o +.+ o |
[    7.302102] cloud-init[963]: |        . = . + o|
[    7.303447] cloud-init[963]: |       . = = . + |
[    7.304623] cloud-init[963]: |        S B X o  |
         Starting LXD - unix socket.
[[0;32m  OK  [0m] Reached target Network is Online.
[    7.308301] cloud-init[963]: |         = * *   |
[    7.316733] cloud-init[963]: |        . X o + .|
[    7.317513] cloud-init[963]: |         = * + o.|
[    7.318505] cloud-init[963]: |        ooo . ..+|
[    7.319655] cloud-init[963]: +----[SHA256]-----+
[    7.320764] cloud-init[963]: Generating public/private dsa key pair.
[    7.332298]          Starting iSCSI initiator daemon (iscsid)...
[[0;32m  OK  [0m] Reached target Cloud-config availability.
[[0;32m  OK  [0m] Listening on Socket activation for snappy daemon.
[[0;32m  OK  [0m] Listening on LXD - unix socket.
[[0;32m  OK  [0m] Reached target Sockets.
[[0;32m  OK  [0m] Reached target Basic System.
         Starting Login Service...
cloud-init[963]: Your identification has been saved in /etc/ssh/ssh_host_dsa_key.
[    7.339593] cloud-init[[0;32m  OK  [0m] Started ACPI event daemon.
         Starting /etc/rc.local Compatibility...
         Starting Virtualbox guest utils...
         Starting LSB: MD monitoring daemon...
         Starting System Logging Service...
         Starting Snappy daemon...
[963]: Your public key has been saved in /etc/ssh/ssh_host_dsa_key.pub.[[0;32m  OK  [0m] Started Regular background program processing daemon.

         Starting Pollinate to seed the pseudo random number generator...
         Starting LSB: Record successful boot for GRUB...
         Starting Accounts Service...
[[0;32m  OK  [0m] Started FUSE filesystem for LXC.
[[0;32m  OK  [0m] Started D-Bus System Message Bus.
[    7.363918] cloud-init[963]: The key fingerprint is:
[    7.372582] cloud-init[963]: SHA256:agqfe7FzbojXdDYRNMixq9PfoatTiZfiTz0KNzYm+/Y root@ubuntu-xenial
[    7.375889] cloud-init[963]: The key's randomart image is:
[    7.377981] cloud-init[963]: +---[DSA 1024]----+
[    7.380262] cloud-init[963]: |       ..+o      |
[    7.383718] cloud-init[963]: |        o...     |
[    7.385919] cloud-init[963]: |        .  .     |
[    7.388239] cloud-init[963]: |         ..      |
[    7.391764] cloud-init[963]: |        S. +     |
[    7.393271] cloud-init[963]: |      .++ O.     |
[    7.394525] cloud-init[963]: |  .  .=B+*B.+    |
[    7.395831] cloud-init[963]: |   o.+*.*X.* o   |
[    7.397323] cloud-init[963]: |    =+ =+*BoE    |
[    7.398739] cloud-init[963]: +----[SHA256]-----+
[    7.399896] cloud-init[963]: Generating public/private ecdsa key pair.
[    7.404564] cloud-init[963]: Your identification has been saved in /etc/ssh/ssh_host_ecdsa_key.
[    7.406942] cloud-init[963]: Your public key has been saved in /etc/ssh/ssh_host_ecdsa_key.pub.
[    7.409676] cloud-init[963]: The key fingerprint is:
[    7.411517] [[0;32m  OK  [0m] Started Deferred execution scheduler.
         Starting LXD - container startup/shutdown...
[[0;32m  OK  [0m] Started System Logging Service.
[[0;32m  OK  [0m] Started /etc/rc.local Compatibility.
cloud-init[963]: SHA256:0onSBrxQOJ5tZ9aHW1EVa6K6sVK0hu/DLpJYkGXnZp4 root@ubuntu-xenial
[    7.418194] cloud-init[963]: The key's randomart image is:
[    7.425441] cloud-init[963]: +---[ECDSA 256]---+
[    7.429341] cloud-init[963]: |   ..      ...o. |
[[0;32m  OK  [0m] Started iSCSI initiator daemon (iscsid).
[[0;32m  OK  [0m] Started Login Service.
[[0;32m  OK  [0m] Started Unattended Upgrades Shutdown.
         Starting Login to default iSCSI targets...
         Starting Authenticate and Authorize Users to Run Privileged Tasks...
[    7.435582] cloud-init[963]: |  ooo .   .    . |
[    7.446466] cloud-init[963]: | ..Boo . . .. o  |
[    7.450275] cloud-init[963]: |  =.o+Bo+.o. o   |
[    7.453222] cloud-init[963]: |   ooB=+S=.      |
[[0;32m  OK  [0m] Started LSB: Record successful boot for GRUB.
[[0;32m  OK  [0m] Started LSB: MD monitoring daemon.
[    7.461169] cloud-init[963]: |    .oE.=.       |
[    7.464456] cloud-init[963]: |   o . =o        |
[    7.465413] cloud-init[963]: |  . o o ++       |
[    7.466282] cloud-init[963]: |     . ==.       |
[    7.473435] cloud-init[963]: +----[SHA256]-----+
[[0;32m  OK  [0m] Started Login to default iSCSI targets.
[[0;32m  OK  [0m] Started Authenticate and Authorize Users to Run Privileged Tasks.
[[0;32m  OK  [0m] Reached target Remote File Systems (Pre).
[[0;32m  OK  [0m] Reached target Remote File Systems.
         Starting LSB: automatic crash report generation...
         Starting LSB: Set the CPU Frequency Scaling governor to "ondemand"...
         Starting LSB: daemon to balance interrupts for SMP systems...
         Starting Permit User Sessions...
[[0;32m  OK  [0m] Started Accounts Service.
[    7.487123] cloud-init[963]: Generating public/private ed25519 key pair.
[[0;32m  OK  [0m] Started Permit User Sessions.
         Starting Terminate Plymouth Boot Screen...
[    7.526916]          cloud-initStarting Hold until boot process finishes up...[963]: 
Your identification has been saved in /etc/ssh/ssh_host_ed25519_key.
[    7.533768] cloud-init[963]: Your public key has been saved in /etc/ssh/ssh_host_ed25519_key.pub.[[0;32m  OK  [0m] Started Hold until boot process finishes up.
[[0;32m  OK  [0m] Started Serial Getty on ttyS0.
         Starting Set console scheme...
[[0;32m  OK  [0m] Started Getty on tty1.
[[0;32m  OK  [0m] Reached target Login Prompts.
[[0;32m  OK  [0m] Started LSB: Set the CPU Frequency Scaling governor to "ondemand".
[[0;32m  OK  [0m] Started Terminate Plymouth Boot Screen.

[[0;32m  OK  [0m] Started Set console scheme.
[    7.550659] cloud-init[963]: The key fingerprint is:
[    7.554439] cloud-init[963]: SHA256:aX+FZWsKamigjs1oVK34Bscre8N1HEbK/5dRiLUhC7M root@ubuntu-xenial
[    7.556159] cloud-init[963]: The key's randomart image is:
[    7.562725] cloud-init[963]: +--[ED25519 256]--+
[[0;32m  OK  [0m] Started LSB: automatic crash report generation.
[    7.567880] cloud-init[963]: |                 |
[[0;32m  OK  [0m] Started LXD - container startup/shutdown.
[[0;32m  OK  [0m] Started Virtualbox guest utils.
[[0;32m  OK  [0m] Started LSB: daemon to balance interrupts for SMP systems.
[    7.583775] cloud-init[963]: |       + . o     |
[    7.599083] cloud-init[963]: |    o o + = + o  |
[    7.599982] cloud-init[963]: |   . + E + o = . |
[    7.601205] cloud-init[963]: |  + o + S . o +  |
[    7.602141] cloud-init[963]: | + = o * o o +   |
[    7.603204] cloud-init[963]: |. * o + + . =    |
[    7.604177] cloud-init[963]: | O B . . . +     |
[    7.605115] cloud-init[963]: |+.O .     .      |
[    7.605948] cloud-init[963]: +----[SHA256]-----+
[[0;32m  OK  [0m] Started Snappy daemon.
         Starting Wait until snapd is fully seeded...
[[0;32m  OK  [0m] Started Pollinate to seed the pseudo random number generator.
         Starting OpenBSD Secure Shell server...
[[0;32m  OK  [0m] Started OpenBSD Secure Shell server.
[[0;32m  OK  [0m] Started Wait until snapd is fully seeded.
         Starting Apply the settings specified in cloud-config...
[[0;32m  OK  [0m] Reached target Multi-User System.
[[0;32m  OK  [0m] Reached target Graphical Interface.
         Starting Update UTMP about System Runlevel Changes...
[[0;32m  OK  [0m] Started Update UTMP about System Runlevel Changes.
[   11.499603] cloud-init[1320]: Generating locales (this might take a while)...
[[0;32m  OK  [0m] Created slice User Slice of vagrant.
         Starting User Manager for UID 1000...
[[0;32m  OK  [0m] Started Session 1 of user vagrant.
[[0;32m  OK  [0m] Started User Manager for UID 1000.
[   12.090710] cloud-init[1320]:   en_US.UTF-8... done
[   12.091617] cloud-init[1320]: Generation complete.
[   12.358402] cloud-init[1320]: Cloud-init v. 19.4-33-gbb4131a2-0ubuntu1~16.04.1 running 'modules:config' at Sun, 12 Apr 2020 17:42:16 +0000. Up 11.42 seconds.
[[0;32m  OK  [0m] Started Apply the settings specified in cloud-config.
         Starting Execute cloud user/final scripts...
ci-info: no authorized SSH keys fingerprints found for user ubuntu.
<14>Apr 12 17:42:17 ec2: 
<14>Apr 12 17:42:17 ec2: #############################################################
<14>Apr 12 17:42:17 ec2: -----BEGIN SSH HOST KEY FINGERPRINTS-----
<14>Apr 12 17:42:17 ec2: 1024 SHA256:agqfe7FzbojXdDYRNMixq9PfoatTiZfiTz0KNzYm+/Y root@ubuntu-xenial (DSA)
<14>Apr 12 17:42:17 ec2: 256 SHA256:0onSBrxQOJ5tZ9aHW1EVa6K6sVK0hu/DLpJYkGXnZp4 root@ubuntu-xenial (ECDSA)
<14>Apr 12 17:42:17 ec2: 256 SHA256:aX+FZWsKamigjs1oVK34Bscre8N1HEbK/5dRiLUhC7M root@ubuntu-xenial (ED25519)
<14>Apr 12 17:42:17 ec2: 2048 SHA256:RPS/5z+XsMSJqa3mhw2d8DRzx7GAuuM9EFnUB3iAFHU root@ubuntu-xenial (RSA)
<14>Apr 12 17:42:17 ec2: -----END SSH HOST KEY FINGERPRINTS-----
<14>Apr 12 17:42:17 ec2: #############################################################
-----BEGIN SSH HOST KEY KEYS-----
ecdsa-sha2-nistp256 AAAAE2VjZHNhLXNoYTItbmlzdHAyNTYAAAAIbmlzdHAyNTYAAABBBLTobBNgk6oVYVqxINKxy2Lp8+bKOX26ggyFKPSF6ljax9d2q8AzVfTMyvEDlYJ7LpcUToxTYtkmsxR+NRPh+SM= root@ubuntu-xenial
ssh-ed25519 AAAAC3NzaC1lZDI1NTE5AAAAIHaxEyv/T0UShXTborvHIHSFxNCCmXLvQv81bveX17Nv root@ubuntu-xenial
ssh-rsa AAAAB3NzaC1yc2EAAAADAQABAAABAQCs7nswXGyFNdIVAti5m9246vmLNkuygGBI/1pxaxHT7+KbKDqjZ0hCRyQSiZNdPCHSJwTY7Oii43VqoC3PEPy7GpcmY3eHFA4GU/PNJryUAo70XiNsyux01/R8qSh1EQd9y0cdO6UxtfmgG3Zzl66ng49l9rjqgsk7D9UWee+68BGWVa30eb/gurR1t1DCS6lY98TXG6KtFEOF7lbcehfoPJOPYc7/XgcKc8J3u4l2IKYkSzFzgFcVIEvxxVIDJumKCcc1AZziJNX6OjBt9ySNsSfLlUb0KgxDyo36Q4FqPohkGVJFBss7Z4ueE3GD9uuKbgHb86C05s6vpy176ZwL root@ubuntu-xenial
-----END SSH HOST KEY KEYS-----
[   12.766901] cloud-init[1434]: Cloud-init v. 19.4-33-gbb4131a2-0ubuntu1~16.04.1 running 'modules:final' at Sun, 12 Apr 2020 17:42:17 +0000. Up 12.65 seconds.
[   12.767979] cloud-init[1434]: ci-info: no authorized SSH keys fingerprints found for user ubuntu.
[   12.768264] cloud-init[1434]: Cloud-init v. 19.4-33-gbb4131a2-0ubuntu1~16.04.1 finished at Sun, 12 Apr 2020 17:42:17 +0000. Datasource DataSourceNoCloud [seed=/dev/sdb][dsmode=net].  Up 12.75 seconds

Ubuntu 16.04.6 LTS ubuntu-xenial ttyS0

ubuntu-xenial login: 